// Jest Snapshot v1, https://goo.gl/fbAQLP

exports[`NavLinks tests should render NavLinks component 1`] = `
<Fragment>
  <NavList
<<<<<<< HEAD
=======
    ariaLeftScroll="Scroll left"
    ariaRightScroll="Scroll right"
>>>>>>> master
    className=""
    variant="default"
  >
    <NavExpandable
      className=""
<<<<<<< HEAD
=======
      data-testid="navLink_modules"
>>>>>>> master
      groupId="grp-1"
      id=""
      isActive={true}
      isExpanded={true}
      srText=""
      title="Modules"
    >
      <NavItem
<<<<<<< HEAD
        className=""
        groupId="grp-1"
        isActive={true}
        itemId="grp-1_itm-1"
        onClick={null}
        preventDefault={false}
        to=""
      >
        <Link
=======
        groupId="grp-1"
        isActive={true}
        itemId="grp-1_itm-1"
      >
        <Link
          data-testid="navLink_search"
>>>>>>> master
          to="/search"
        >
          Search
        </Link>
      </NavItem>
    </NavExpandable>
  </NavList>
</Fragment>
`;

exports[`NavLinks tests test browserLink function 1`] = `undefined`;

exports[`NavLinks tests test checkAuth function 1`] = `undefined`;

exports[`NavLinks tests test render function 1`] = `[Function]`;

exports[`NavLinks tests test webConsole function 1`] = `undefined`;

exports[`NavLinks tests test welcomeLink function 1`] = `undefined`;
